<div class="section section-wrapper banner-container">
  <div class="banner-wrapper">
    <div class="banner block">
      <div>
        <div>
          <h2>Banner title</h2>
          <p>
            <a class="button accent dark" href="https://www.example.com">CTA</a>
          </p>
        </div>
      </div>
    </div>
  </div>
</div>
