<div class="banner multi-button">
  <div>
    <div>
      <h2 id="Foo">Foo</h2>
      <p><a class="button accent dark reverse" href="https://www.adobe.com/">Button 1</a></p>
      <p><a class="button accent dark reverse" href="https://www.adobe.com/">Button 2</a></p>
    </div>
  </div>
</div>