<div class="columns numbered width-2-columns">
  <div>
    <div class="column"><span class="num">1.</span>
      <h1>Resize your image for free.</h1>
      <h5><em>Use our fast, easy, and free online photo resizer to change
          the dimensions of any picture</em>.</h5>
      <p class="powered-by">Powered by <strong>Adobe Photoshop</strong></p>
    </div>
    <div class="column">
      <p>By clicking “Upload your photo,” you agree to the Adobe <a href="https://www.adobe.com/legal/terms.html">Terms
          of Use</a> and <a href="https://www.adobe.com/privacy/policy.html">Privacy Policy</a>.</p>
    </div>
  </div>
  <div>
    <div class="column"><span class="num">2.</span>
      <h1>Resize your image for free.</h1>
      <h5><em>Use our fast, easy, and free online photo resizer to change
          the dimensions of any picture</em>.</h5>
      <p class="powered-by">Powered by <strong>Adobe Photoshop</strong></p>
    </div>
    <div class="column">
      <p>By clicking “Upload your photo,” you agree to the Adobe <a href="https://www.adobe.com/legal/terms.html">Terms
          of Use</a> and <a href="https://www.adobe.com/privacy/policy.html">Privacy Policy</a>.</p>
    </div>
  </div>
  <div>
    <div class="column"><span class="num">3.</span>
      <h1>Resize your image for free.</h1>
      <h5><em>Use our fast, easy, and free online photo resizer to change
          the dimensions of any picture</em>.</h5>
      <p class="powered-by">Powered by <strong>Adobe Photoshop</strong></p>
    </div>
    <div class="column">
      <p>By clicking “Upload your photo,” you agree to the Adobe <a href="https://www.adobe.com/legal/terms.html">Terms
          of Use</a> and <a href="https://www.adobe.com/privacy/policy.html">Privacy Policy</a>.</p>
    </div>
  </div>
</div>