<div class="commerce-cta">
  <p class="pricing-plan-title" data-id="0">Free for your first 30 days, then</p>
  <div class="pricing-plan">
    <p class="pricing-plan-price">US$9.99<span class="pricing-plan-cadence">/semester</span></p><a
      href="https://commerce-stg.adobe.com/checkout/email/?items%5B0%5D%5Bid%5D=0EDBD95A29C6EE10FB2B323A041E3AEF&amp;items%5B0%5D%5Bcs%5D=0&amp;rUrl=https%3A%2F%2Fexpress-stage.adobeprojectm.com%2F&amp;cli=spark&amp;co=us&amp;lang=en"
      class="large">Start your free trial</a>
  </div>
</div>