<div class="inline-banner">
  <div>
    <div>
      <h2>Lorem ipsum dolor sit amet</h2>
      <p><a href="https://www.adobe.com/express/">Learn more</a></p>
    </div>
  </div>
</div>
