<div class="table-of-contents">
  <div class="toc">
    <div class="toc-entry toc-level-h2"><a href="#">H21</a></div>
    <div class="toc-entry toc-level-h2"><a href="#">H22</a></div>
    <div class="toc-entry toc-level-h2"><a href="#">H23</a></div>
  </div>
</div>